<html>
<body>
<pre>
<h1>µVision Build Log</h1>
<h2>Tool Versions:</h2>
IDE-Version: µVision V5.39.0.0
Copyright (C) 2023 ARM Ltd and ARM Germany GmbH. All rights reserved.
License Information: Rakesh Kumar Sahoo, ClinohealthInovation, LIC=----
 
Tool Versions:
Toolchain:       MDK-Lite  Version: 5.39.0.0
Toolchain Path:  C:\Keil_v5\ARM\ARMCLANG\Bin
C Compiler:      ArmClang.exe V6.21
Assembler:       Armasm.exe V6.21
Linker/Locator:  ArmLink.exe V6.21
Library Manager: ArmAr.exe V6.21
Hex Converter:   FromElf.exe V6.21
CPU DLL:         SARMCM3.DLL V5.39.0.0
Dialog DLL:      DARMSTM.DLL V1.69.1.0
Target DLL:      UL2CM3.DLL V1.164.9.0
Dialog DLL:      TCM.DLL V1.56.4.0
 
<h2>Project:</h2>
C:\Users\Asus\Desktop\STMBoards\STM32F103C6\Programs\Project_6\MpuInterface.uvprojx
Project File Date:  09/24/2024

<h2>Output:</h2>
*** Using Compiler 'V6.21', folder: 'C:\Keil_v5\ARM\ARMCLANG\Bin'
Build target 'Target 1'
gpio_driver.c(25): warning: variable 'CR' is used uninitialized whenever 'if' condition is false [-Wsometimes-uninitialized]
   25 |         else if (port ==3)
      |                  ^~~~~~~~
gpio_driver.c(31): note: uninitialized use occurs here
   31 |         *CR &= (unsigned long)(~(0xf<<(tPin)*4)); // Reset the target pin
      |          ^~
gpio_driver.c(25): note: remove the 'if' if its condition is always true
   25 |         else if (port ==3)
      |              ^~~~~~~~~~~~~
   26 |         {
gpio_driver.c(5): note: initialize the variable 'CR' to silence this warning
    5 |         volatile unsigned long* CR;
      |                                   ^
      |                                    = 0
gpio_driver.c(49): warning: variable 'IDR' is used uninitialized whenever 'if' condition is false [-Wsometimes-uninitialized]
   49 |         else if(port == 3)
      |                 ^~~~~~~~~
gpio_driver.c(54): note: uninitialized use occurs here
   54 |         state = (int)((*IDR & (1 << pin)) >> pin);
      |                         ^~~
gpio_driver.c(49): note: remove the 'if' if its condition is always true
   49 |         else if(port == 3)
      |              ^~~~~~~~~~~~~
   50 |         {
gpio_driver.c(37): note: initialize the variable 'IDR' to silence this warning
   37 |         volatile unsigned long* IDR;
      |                                    ^
      |                                     = 0
gpio_driver.c(77): warning: implicit conversion changes signedness: 'int' to 'unsigned long' [-Wsign-conversion]
   77 |         state ? (*ODR |= (state << pin)) : (*ODR &= ~(1<< pin));
      |                       ~~  ~~~~~~^~~~~~
gpio_driver.c(77): warning: variable 'ODR' may be uninitialized when used here [-Wconditional-uninitialized]
   77 |         state ? (*ODR |= (state << pin)) : (*ODR &= ~(1<< pin));
      |                   ^~~
gpio_driver.c(60): note: initialize the variable 'ODR' to silence this warning
   60 |         volatile unsigned long* ODR;
      |                                    ^
      |                                     = 0
gpio_driver.c(18): warning: unsafe pointer arithmetic [-Wunsafe-buffer-usage]
   18 |                 CR = (volatile unsigned long*) (&GPIO_A + offset);
      |                                                 ^~~~~~~
gpio_driver.c(23): warning: unsafe pointer arithmetic [-Wunsafe-buffer-usage]
   23 |                 CR = (volatile unsigned long*) (&GPIO_B + offset);
      |                                                 ^~~~~~~
gpio_driver.c(28): warning: unsafe pointer arithmetic [-Wunsafe-buffer-usage]
   28 |                 CR = (volatile unsigned long*) (&GPIO_C + offset);
      |                                                 ^~~~~~~
gpio_driver.c(43): warning: unsafe pointer arithmetic [-Wunsafe-buffer-usage]
   43 |                 IDR = (volatile unsigned long*) (&GPIO_A + offset);
      |                                                  ^~~~~~~
gpio_driver.c(47): warning: unsafe pointer arithmetic [-Wunsafe-buffer-usage]
   47 |                 IDR = (volatile unsigned long*) (&GPIO_B + offset);
      |                                                  ^~~~~~~
gpio_driver.c(51): warning: unsafe pointer arithmetic [-Wunsafe-buffer-usage]
   51 |                 IDR = (volatile unsigned long*) (&GPIO_C + offset);
      |                                                  ^~~~~~~
gpio_driver.c(66): warning: unsafe pointer arithmetic [-Wunsafe-buffer-usage]
   66 |                 ODR = (volatile unsigned long*) (&GPIO_A + offset);
      |                                                  ^~~~~~~
gpio_driver.c(70): warning: unsafe pointer arithmetic [-Wunsafe-buffer-usage]
   70 |                 ODR = (volatile unsigned long*) (&GPIO_B + offset);
      |                                                  ^~~~~~~
gpio_driver.c(74): warning: unsafe pointer arithmetic [-Wunsafe-buffer-usage]
   74 |                 ODR = (volatile unsigned long*) (&GPIO_C + offset);
      |                                                  ^~~~~~~
13 warnings generated.
compiling gpio_driver.c...
main.c(1): warning: In file included from...
C:/Users/Asus/AppData/Local/Arm/Packs/Keil/STM32F1xx_DFP/2.4.1/Device/Include\stm32f10x.h(18): warning: invalid UTF-8 in comment [-Winvalid-utf8]
   18 |   *              - To use or not the peripheral<92>s drivers in application code(i.e. 
      |                                                ^
C:/Users/Asus/AppData/Local/Arm/Packs/Keil/STM32F1xx_DFP/2.4.1/Device/Include\stm32f10x.h(19): warning: invalid UTF-8 in comment [-Winvalid-utf8]
   19 |   *                code will be based on direct access to peripheral<92>s registers 
      |                                                                     ^
C:/Users/Asus/AppData/Local/Arm/Packs/Keil/STM32F1xx_DFP/2.4.1/Device/Include\stm32f10x.h(26): warning: invalid UTF-8 in comment [-Winvalid-utf8]
   26 |   *           - Macros to access peripheral<92>s registers hardware
      |                                            ^
main.c(11): warning: mixing declarations and code is incompatible with standards before C99 [-Wdeclaration-after-statement]
   11 |         char data = 'R';
      |              ^
4 warnings generated.
compiling main.c...
i2c.c(1): warning: In file included from...
./i2c.h(1): warning: In file included from...
C:/Users/Asus/AppData/Local/Arm/Packs/Keil/STM32F1xx_DFP/2.4.1/Device/Include\stm32f10x.h(18): warning: invalid UTF-8 in comment [-Winvalid-utf8]
   18 |   *              - To use or not the peripheral<92>s drivers in application code(i.e. 
      |                                                ^
C:/Users/Asus/AppData/Local/Arm/Packs/Keil/STM32F1xx_DFP/2.4.1/Device/Include\stm32f10x.h(19): warning: invalid UTF-8 in comment [-Winvalid-utf8]
   19 |   *                code will be based on direct access to peripheral<92>s registers 
      |                                                                     ^
C:/Users/Asus/AppData/Local/Arm/Packs/Keil/STM32F1xx_DFP/2.4.1/Device/Include\stm32f10x.h(26): warning: invalid UTF-8 in comment [-Winvalid-utf8]
   26 |   *           - Macros to access peripheral<92>s registers hardware
      |                                            ^
i2c.c(14): warning: unused parameter 'i2c' [-Wunused-parameter]
   14 | void i2c_init(char i2c, unsigned short speed_mode)
      |                    ^
i2c.c(14): warning: unused parameter 'speed_mode' [-Wunused-parameter]
   14 | void i2c_init(char i2c, unsigned short speed_mode)
      |                                        ^
5 warnings generated.
compiling i2c.c...
USART.c(1): warning: In file included from...
./USART.h(3): warning: In file included from...
C:/Users/Asus/AppData/Local/Arm/Packs/Keil/STM32F1xx_DFP/2.4.1/Device/Include\stm32f10x.h(18): warning: invalid UTF-8 in comment [-Winvalid-utf8]
   18 |   *              - To use or not the peripheral<92>s drivers in application code(i.e. 
      |                                                ^
C:/Users/Asus/AppData/Local/Arm/Packs/Keil/STM32F1xx_DFP/2.4.1/Device/Include\stm32f10x.h(19): warning: invalid UTF-8 in comment [-Winvalid-utf8]
   19 |   *                code will be based on direct access to peripheral<92>s registers 
      |                                                                     ^
C:/Users/Asus/AppData/Local/Arm/Packs/Keil/STM32F1xx_DFP/2.4.1/Device/Include\stm32f10x.h(26): warning: invalid UTF-8 in comment [-Winvalid-utf8]
   26 |   *           - Macros to access peripheral<92>s registers hardware
      |                                            ^
USART.c(14): warning: declaration shadows a local variable [-Wshadow]
   14 |                 unsigned long div =  72000000UL; // (clock speed)
      |                               ^
USART.c(8): note: previous declaration is here
    8 |         unsigned long div =  36000000UL;
      |                       ^
USART.c(15): warning: declaration shadows a local variable [-Wshadow]
   15 |                 double frac = 72000000.00;
      |                        ^
USART.c(9): note: previous declaration is here
    9 |         double frac = 36000000.00;
      |                ^
USART.c(14): warning: unused variable 'div' [-Wunused-variable]
   14 |                 unsigned long div =  72000000UL; // (clock speed)
      |                               ^~~
USART.c(15): warning: unused variable 'frac' [-Wunused-variable]
   15 |                 double frac = 72000000.00;
      |                        ^~~~
USART.c(125): warning: variable 'c' is used uninitialized whenever 'if' condition is false [-Wsometimes-uninitialized]
  125 |         else if(uart == 3)
      |                 ^~~~~~~~~
USART.c(131): note: uninitialized use occurs here
  131 |         return c;
      |                ^
USART.c(125): note: remove the 'if' if its condition is always true
  125 |         else if(uart == 3)
      |              ^~~~~~~~~~~~~
  126 |         {
USART.c(112): note: initialize the variable 'c' to silence this warning
  112 |         char c;
      |               ^
      |                = '\0'
USART.c(154): warning: no newline at end of file [-Wnewline-eof]
  154 | }
      |  ^
9 warnings generated.
compiling USART.c...
systick_timer.c(1): warning: In file included from...
C:/Users/Asus/AppData/Local/Arm/Packs/Keil/STM32F1xx_DFP/2.4.1/Device/Include\stm32f10x.h(18): warning: invalid UTF-8 in comment [-Winvalid-utf8]
   18 |   *              - To use or not the peripheral<92>s drivers in application code(i.e. 
      |                                                ^
C:/Users/Asus/AppData/Local/Arm/Packs/Keil/STM32F1xx_DFP/2.4.1/Device/Include\stm32f10x.h(19): warning: invalid UTF-8 in comment [-Winvalid-utf8]
   19 |   *                code will be based on direct access to peripheral<92>s registers 
      |                                                                     ^
C:/Users/Asus/AppData/Local/Arm/Packs/Keil/STM32F1xx_DFP/2.4.1/Device/Include\stm32f10x.h(26): warning: invalid UTF-8 in comment [-Winvalid-utf8]
   26 |   *           - Macros to access peripheral<92>s registers hardware
      |                                            ^
systick_timer.c(34): warning: no newline at end of file [-Wnewline-eof]
   34 | }
      |  ^
4 warnings generated.
compiling systick_timer.c...
RTE/Device/STM32F103C6/system_stm32f10x.c(64): warning: In file included from...
C:/Users/Asus/AppData/Local/Arm/Packs/Keil/STM32F1xx_DFP/2.4.1/Device/Include\stm32f10x.h(18): warning: invalid UTF-8 in comment [-Winvalid-utf8]
   18 |   *              - To use or not the peripheral<92>s drivers in application code(i.e. 
      |                                                ^
C:/Users/Asus/AppData/Local/Arm/Packs/Keil/STM32F1xx_DFP/2.4.1/Device/Include\stm32f10x.h(19): warning: invalid UTF-8 in comment [-Winvalid-utf8]
   19 |   *                code will be based on direct access to peripheral<92>s registers 
      |                                                                     ^
C:/Users/Asus/AppData/Local/Arm/Packs/Keil/STM32F1xx_DFP/2.4.1/Device/Include\stm32f10x.h(26): warning: invalid UTF-8 in comment [-Winvalid-utf8]
   26 |   *           - Macros to access peripheral<92>s registers hardware
      |                                            ^
RTE/Device/STM32F103C6/system_stm32f10x.c(166): warning: no previous extern declaration for non-static variable 'AHBPrescTable' [-Wmissing-variable-declarations]
  166 | __I uint8_t AHBPrescTable[16] = {0, 0, 0, 0, 0, 0, 0, 0, 1, 2, 3, 4, 6, 7, 8, 9};
      |             ^
RTE/Device/STM32F103C6/system_stm32f10x.c(166): note: declare 'static' if the variable is not intended to be used outside of this translation unit
  166 | __I uint8_t AHBPrescTable[16] = {0, 0, 0, 0, 0, 0, 0, 0, 1, 2, 3, 4, 6, 7, 8, 9};
      |     ^
RTE/Device/STM32F103C6/system_stm32f10x.c(408): warning: unsafe buffer access [-Wunsafe-buffer-usage]
  408 |   tmp = AHBPrescTable[((RCC->CFGR & RCC_CFGR_HPRE) >> 4)];
      |         ^~~~~~~~~~~~~
5 warnings generated.
compiling system_stm32f10x.c...
linking...
Program Size: Code=4368 RO-data=252 RW-data=0 ZI-data=1632  
".\Objects\MpuInterface.axf" - 0 Error(s), 40 Warning(s).

<h2>Software Packages used:</h2>

Package Vendor: ARM
                https://www.keil.com/pack/ARM.CMSIS.6.0.0.pack
                ARM::CMSIS@6.0.0
                CMSIS (Common Microcontroller Software Interface Standard)
   * Component: CORE Version: 6.0.0

Package Vendor: Keil
                https://www.keil.com/pack/Keil.STM32F1xx_DFP.2.4.1.pack
                Keil::STM32F1xx_DFP@2.4.1
                STMicroelectronics STM32F1 Series Device Support, Drivers and Examples
   * Component: Startup Version: 1.0.0

<h2>Collection of Component include folders:</h2>
  ./RTE/Device/STM32F103C6
  ./RTE/_Target_1
  C:/Users/Asus/AppData/Local/Arm/Packs/ARM/CMSIS/6.0.0/CMSIS/Core/Include
  C:/Users/Asus/AppData/Local/Arm/Packs/Keil/STM32F1xx_DFP/2.4.1/Device/Include

<h2>Collection of Component Files used:</h2>

   * Component: ARM::CMSIS:CORE@6.0.0

   * Component: Keil::Device:Startup@1.0.0
      Source file:   Device/Source/system_stm32f10x.c
      Include file:  RTE_Driver/Config/RTE_Device.h
      Source file:   Device/Source/ARM/startup_stm32f10x_ld.s
      Source file:   Device/Source/ARM/STM32F1xx_OPT.s
Build Time Elapsed:  00:00:05
</pre>
</body>
</html>
